// Jest Snapshot v1, https://goo.gl/fbAQLP

exports[`Card Wrapper component card wrapper component matches the snapshot 1`] = `
<div
  className="sc-htpNat eyZxIT"
/>
`;
